  Framework.cpp
  SceneGame.cpp
  SceneTitle.cpp
C:\Users\2240705\Desktop\2 Months Project\2Months\Source\Army.h(359,20): warning C4267: 'return': 'size_t' から 'int' に変換しました。データが失われているかもしれません。
  (ソース ファイル 'Source/SceneTitle.cpp' をコンパイルしています)
  
C:\Users\2240705\Desktop\2 Months Project\2Months\Source\UI.h(106,57): warning C4244: '引数': 'int' から 'float' への変換です。データが失われる可能性があります。
  (ソース ファイル 'Source/SceneTitle.cpp' をコンパイルしています)
  
C:\Users\2240705\Desktop\2 Months Project\2Months\Source\UI.h(106,29): warning C4244: '引数': 'int' から 'float' への変換です。データが失われる可能性があります。
  (ソース ファイル 'Source/SceneTitle.cpp' をコンパイルしています)
  
C:\Users\2240705\Desktop\2 Months Project\2Months\Source\UI.h(117,57): warning C4244: '引数': 'int' から 'float' への変換です。データが失われる可能性があります。
  (ソース ファイル 'Source/SceneTitle.cpp' をコンパイルしています)
  
C:\Users\2240705\Desktop\2 Months Project\2Months\Source\UI.h(117,29): warning C4244: '引数': 'int' から 'float' への変換です。データが失われる可能性があります。
  (ソース ファイル 'Source/SceneTitle.cpp' をコンパイルしています)
  
C:\Users\2240705\Desktop\2 Months Project\2Months\Source\Army.h(359,20): warning C4267: 'return': 'size_t' から 'int' に変換しました。データが失われているかもしれません。
  (ソース ファイル 'Source/SceneGame.cpp' をコンパイルしています)
  
C:\Users\2240705\Desktop\2 Months Project\2Months\Source\UI.h(106,57): warning C4244: '引数': 'int' から 'float' への変換です。データが失われる可能性があります。
  (ソース ファイル 'Source/SceneGame.cpp' をコンパイルしています)
  
C:\Users\2240705\Desktop\2 Months Project\2Months\Source\UI.h(106,29): warning C4244: '引数': 'int' から 'float' への変換です。データが失われる可能性があります。
  (ソース ファイル 'Source/SceneGame.cpp' をコンパイルしています)
  
C:\Users\2240705\Desktop\2 Months Project\2Months\Source\UI.h(117,57): warning C4244: '引数': 'int' から 'float' への変換です。データが失われる可能性があります。
  (ソース ファイル 'Source/SceneGame.cpp' をコンパイルしています)
  
C:\Users\2240705\Desktop\2 Months Project\2Months\Source\UI.h(117,29): warning C4244: '引数': 'int' から 'float' への変換です。データが失われる可能性があります。
  (ソース ファイル 'Source/SceneGame.cpp' をコンパイルしています)
  
C:\Users\2240705\Desktop\2 Months Project\2Months\Source\SceneTitle.cpp(14,101): warning C4244: '引数': 'double' から 'float' への変換です。データが失われる可能性があります。
C:\Users\2240705\Desktop\2 Months Project\2Months\Source\SceneTitle.cpp(14,67): warning C4244: '引数': 'double' から 'float' への変換です。データが失われる可能性があります。
C:\Users\2240705\Desktop\2 Months Project\2Months\Source\SceneTitle.cpp(16,101): warning C4244: '引数': 'double' から 'float' への変換です。データが失われる可能性があります。
C:\Users\2240705\Desktop\2 Months Project\2Months\Source\SceneTitle.cpp(16,67): warning C4244: '引数': 'double' から 'float' への変換です。データが失われる可能性があります。
C:\Users\2240705\Desktop\2 Months Project\2Months\Source\SceneTitle.cpp(62,61): warning C4244: '引数': 'int' から 'float' への変換です。データが失われる可能性があります。
C:\Users\2240705\Desktop\2 Months Project\2Months\Source\SceneTitle.cpp(62,33): warning C4244: '引数': 'int' から 'float' への変換です。データが失われる可能性があります。
C:\Users\2240705\Desktop\2 Months Project\2Months\Source\SceneTitle.cpp(61,61): warning C4244: '引数': 'int' から 'float' への変換です。データが失われる可能性があります。
C:\Users\2240705\Desktop\2 Months Project\2Months\Source\SceneTitle.cpp(61,33): warning C4244: '引数': 'int' から 'float' への変換です。データが失われる可能性があります。
C:\Users\2240705\Desktop\2 Months Project\2Months\Source\SceneTitle.cpp(69,65): warning C4244: '引数': 'int' から 'float' への変換です。データが失われる可能性があります。
C:\Users\2240705\Desktop\2 Months Project\2Months\Source\SceneTitle.cpp(69,35): warning C4244: '引数': 'int' から 'float' への変換です。データが失われる可能性があります。
C:\Users\2240705\Desktop\2 Months Project\2Months\Source\SceneTitle.cpp(76,65): warning C4244: '引数': 'int' から 'float' への変換です。データが失われる可能性があります。
C:\Users\2240705\Desktop\2 Months Project\2Months\Source\SceneTitle.cpp(76,35): warning C4244: '引数': 'int' から 'float' への変換です。データが失われる可能性があります。
C:\Users\2240705\Desktop\2 Months Project\2Months\Source\Army.h(359,20): warning C4267: 'return': 'size_t' から 'int' に変換しました。データが失われているかもしれません。
  (ソース ファイル 'Source/Framework.cpp' をコンパイルしています)
  
C:\Users\2240705\Desktop\2 Months Project\2Months\Source\UI.h(106,57): warning C4244: '引数': 'int' から 'float' への変換です。データが失われる可能性があります。
  (ソース ファイル 'Source/Framework.cpp' をコンパイルしています)
  
C:\Users\2240705\Desktop\2 Months Project\2Months\Source\UI.h(106,29): warning C4244: '引数': 'int' から 'float' への変換です。データが失われる可能性があります。
  (ソース ファイル 'Source/Framework.cpp' をコンパイルしています)
  
C:\Users\2240705\Desktop\2 Months Project\2Months\Source\UI.h(117,57): warning C4244: '引数': 'int' から 'float' への変換です。データが失われる可能性があります。
  (ソース ファイル 'Source/Framework.cpp' をコンパイルしています)
  
C:\Users\2240705\Desktop\2 Months Project\2Months\Source\UI.h(117,29): warning C4244: '引数': 'int' から 'float' への変換です。データが失われる可能性があります。
  (ソース ファイル 'Source/Framework.cpp' をコンパイルしています)
  
  Game.vcxproj -> C:\Users\2240705\Desktop\2 Months Project\2Months\bin\x64\Debug\Game.exe
